// Jest Snapshot v1, https://goo.gl/fbAQLP

exports[`App renders when passed 1`] = `
<div>
  <!---->
  <div id="app">
    <home-stub></home-stub>
    <navbar-stub></navbar-stub>
    <about-stub></about-stub>
    <education-stub></education-stub>
    <experience-stub></experience-stub>
    <photography-stub></photography-stub>
    <contact-stub></contact-stub>
  </div>
</div>
`;
