// Jest Snapshot v1, https://goo.gl/fbAQLP

exports[`AboutMeCard renders when passed 1`] = `
<div>
  <b-card no-body="" class="overflow-hidden" style="max-width: 540px;">
    <b-row no-gutters="">
      <b-col md="6">
        <b-card-img src="mock url" alt="Image" class="rounded-0"></b-card-img>
      </b-col>
      <b-col md="6">
        <b-card-body title="Zeeshan">
          <b-card-text>
            I am Shaikh Zeeshan Murshed, Front-End developer from Montreal, Canada. I have experience in making
            Website. Also I am a hobbyist photographer.
          </b-card-text>
          <b-button pill="" href="#" class="btn">Download Resume</b-button>
        </b-card-body>
      </b-col>
    </b-row>
  </b-card>
</div>
`;
