// Jest Snapshot v1, https://goo.gl/fbAQLP

exports[`FormContainer renders when passed 1`] = `
<div class="form-container">
  <b-modal-stub size="md" centered="true" ignoreenforcefocusselector="" title="Send Successfully" titletag="h5" headerclosecontent="&amp;times;" headercloselabel="Close" canceltitle="Cancel" oktitle="OK" cancelvariant="secondary" okvariant="primary">
    <b-icon-stub icon="hand-thumbs-up" variant="primary" fontscale="1" scale="1" rotate="0" shifth="0" shiftv="0" class="icon"></b-icon-stub>
    <h5 class="my-4">Will get back to you as soon as possible</h5>
  </b-modal-stub>
  <b-modal-stub size="md" centered="true" ignoreenforcefocusselector="" title="Opps Something goes wrong !!!!!" titletag="h5" headerclosecontent="&amp;times;" headercloselabel="Close" canceltitle="Cancel" oktitle="OK" cancelvariant="secondary" okvariant="primary">
    <b-icon-stub icon="exclamation-diamond-fill" variant="primary" fontscale="1" scale="1" rotate="0" shifth="0" shiftv="0" class="icon"></b-icon-stub>
    <h5 class="my-4">
      Seems like something went wrong. Kindly <span class="text">email</span> me.
    </h5>
  </b-modal-stub>
  <b-form-stub class="form-group-parent">
    <b-form-group-stub label="Your Name:" feedbackarialive="assertive">
      <b-form-input-stub required="true" value="" placeholder="Enter name" debounce="0" type="text"></b-form-input-stub>
    </b-form-group-stub>
    <b-form-group-stub label="Email address:" feedbackarialive="assertive">
      <b-form-input-stub required="true" value="" placeholder="Enter email" debounce="0" type="email"></b-form-input-stub>
    </b-form-group-stub>
    <b-form-group-stub label="Subject:" feedbackarialive="assertive">
      <b-form-input-stub required="true" value="" placeholder="Enter subject" debounce="0" type="text"></b-form-input-stub>
    </b-form-group-stub>
    <b-form-group-stub label="Message:" feedbackarialive="assertive">
      <b-form-textarea-stub required="true" value="" placeholder="Enter message" debounce="0" rows="3" wrap="soft" noresize="true"></b-form-textarea-stub>
    </b-form-group-stub>
    <div class="btn-container">
      <b-button-stub size="lg" variant="secondary" type="submit" tag="button" pill="true" target="_self" class="btn ml-2">Send Message</b-button-stub>
    </div>
    <b-card-text-stub texttag="p" class="text-center">
      Don't like forms? Send me an <span class="text">Email</span></b-card-text-stub>
  </b-form-stub>
</div>
`;
