// Jest Snapshot v1, https://goo.gl/fbAQLP

exports[`NavBar renders when passed 1`] = `
<div class="navbar-container">
  <b-navbar-stub tag="nav" type="dark" toggleable="md" sticky="true" class="transparent">
    <b-navbar-brand-stub tag="div" href="/" target="_self">iZsk</b-navbar-brand-stub>
    <b-navbar-toggle-stub label="Toggle navigation" target="nav-collapse"></b-navbar-toggle-stub>
    <b-collapse-stub id="nav-collapse" isnav="true" tag="div">
      <b-navbar-nav-stub tag="ul">
        <b-nav-item-stub target="_self">Home</b-nav-item-stub>
        <b-nav-item-stub target="_self">
          About
        </b-nav-item-stub>
        <b-nav-item-stub target="_self">Education</b-nav-item-stub>
      </b-navbar-nav-stub>
      <b-navbar-nav-stub tag="ul" class="ml-auto">
        <b-nav-item-stub target="_self">Experience</b-nav-item-stub>
        <b-nav-item-stub target="_self">My Offer</b-nav-item-stub>
        <b-nav-item-stub target="_self">Photography</b-nav-item-stub>
        <b-nav-item-stub target="_self">Contact</b-nav-item-stub>
      </b-navbar-nav-stub>
    </b-collapse-stub>
  </b-navbar-stub>
</div>
`;
