// Jest Snapshot v1, https://goo.gl/fbAQLP

exports[`ProgressContainer renders when passed 1`] = `
<div class="main-container">
  <b-card-stub bodytag="div" titletag="h4" subtitletag="h6" subtitletextvariant="muted" headertag="div" header="FRONTEND" footertag="div" tag="div" nobody="true">
    <b-list-group-stub tag="div" flush="true"></b-list-group-stub>
  </b-card-stub>
  <b-card-stub bodytag="div" titletag="h4" subtitletag="h6" subtitletextvariant="muted" headertag="div" header="BACKEND" footertag="div" tag="div" nobody="true">
    <b-list-group-stub tag="div" flush="true"></b-list-group-stub>
  </b-card-stub>
  <b-card-stub bodytag="div" titletag="h4" subtitletag="h6" subtitletextvariant="muted" headertag="div" header="MISC" footertag="div" tag="div" nobody="true">
    <b-list-group-stub tag="div" flush="true"></b-list-group-stub>
  </b-card-stub>
</div>
`;
